Flow report for toolflow
Thu May  7 15:39:56 2026
Quartus Prime Version 20.1.1 Build 720 11/11/2020 SJ Standard Edition


---------------------
; Table of Contents ;
---------------------
  1. Legal Notice
  2. Flow Summary
  3. Flow Settings
  4. Flow Non-Default Global Settings
  5. Flow Elapsed Time
  6. Flow OS Summary
  7. Flow Log
  8. Flow Messages
  9. Flow Suppressed Messages



----------------
; Legal Notice ;
----------------
Copyright (C) 2020  Intel Corporation. All rights reserved.
Your use of Intel Corporation's design tools, logic functions 
and other software and tools, and any partner logic 
functions, and any output files from any of the foregoing 
(including device programming or simulation files), and any 
associated documentation or information are expressly subject 
to the terms and conditions of the Intel Program License 
Subscription Agreement, the Intel Quartus Prime License Agreement,
the Intel FPGA IP License Agreement, or other applicable license
agreement, including, without limitation, that your use is for
the sole purpose of programming logic devices manufactured by
Intel and sold by Intel or its authorized distributors.  Please
refer to the applicable agreement for further details, at
https://fpgasoftware.intel.com/eula.



+--------------------------------------------------------------------------------------+
; Flow Summary                                                                         ;
+------------------------------------+-------------------------------------------------+
; Flow Status                        ; Successful - Thu May  7 15:39:16 2026           ;
; Quartus Prime Version              ; 20.1.1 Build 720 11/11/2020 SJ Standard Edition ;
; Revision Name                      ; toolflow                                        ;
; Top-level Entity Name              ; RISCV_Processor                                 ;
; Family                             ; Cyclone IV E                                    ;
; Device                             ; EP4CE115F29C7                                   ;
; Timing Models                      ; Final                                           ;
; Total logic elements               ; 82,501 / 114,480 ( 72 % )                       ;
;     Total combinational functions  ; 49,825 / 114,480 ( 44 % )                       ;
;     Dedicated logic registers      ; 67,043 / 114,480 ( 59 % )                       ;
; Total registers                    ; 67043                                           ;
; Total pins                         ; 99 / 529 ( 19 % )                               ;
; Total virtual pins                 ; 0                                               ;
; Total memory bits                  ; 93 / 3,981,312 ( < 1 % )                        ;
; Embedded Multiplier 9-bit elements ; 0 / 532 ( 0 % )                                 ;
; Total PLLs                         ; 0 / 4 ( 0 % )                                   ;
+------------------------------------+-------------------------------------------------+


+-----------------------------------------+
; Flow Settings                           ;
+-------------------+---------------------+
; Option            ; Setting             ;
+-------------------+---------------------+
; Start date & time ; 05/07/2026 15:24:14 ;
; Main task         ; Compilation         ;
; Revision Name     ; toolflow            ;
+-------------------+---------------------+


+-----------------------------------------------------------------------------------------------------------------------------+
; Flow Non-Default Global Settings                                                                                            ;
+-------------------------------------+----------------------------------------+---------------+-----------------+------------+
; Assignment Name                     ; Value                                  ; Default Value ; Entity Name     ; Section Id ;
+-------------------------------------+----------------------------------------+---------------+-----------------+------------+
; COMPILER_SIGNATURE_ID               ; 345052158487.177818545445391           ; --            ; --              ; --         ;
; PARTITION_COLOR                     ; -- (Not supported for targeted family) ; --            ; RISCV_Processor ; Top        ;
; PARTITION_FITTER_PRESERVATION_LEVEL ; -- (Not supported for targeted family) ; --            ; RISCV_Processor ; Top        ;
; PARTITION_NETLIST_TYPE              ; -- (Not supported for targeted family) ; --            ; RISCV_Processor ; Top        ;
; PROJECT_OUTPUT_DIRECTORY            ; output_files                           ; --            ; --              ; --         ;
; TOP_LEVEL_ENTITY                    ; RISCV_Processor                        ; toolflow      ; --              ; --         ;
; VHDL_INPUT_VERSION                  ; VHDL_2008                              ; VHDL_1993     ; --              ; --         ;
+-------------------------------------+----------------------------------------+---------------+-----------------+------------+


+--------------------------------------------------------------------------------------------------------------------------+
; Flow Elapsed Time                                                                                                        ;
+----------------------+--------------+-------------------------+---------------------+------------------------------------+
; Module Name          ; Elapsed Time ; Average Processors Used ; Peak Virtual Memory ; Total CPU Time (on all processors) ;
+----------------------+--------------+-------------------------+---------------------+------------------------------------+
; Analysis & Synthesis ; 00:02:17     ; 1.0                     ; 1168 MB             ; 00:02:06                           ;
; Fitter               ; 00:12:14     ; 1.1                     ; 2509 MB             ; 00:31:47                           ;
; Assembler            ; 00:00:08     ; 1.0                     ; 833 MB              ; 00:00:07                           ;
; Timing Analyzer      ; 00:00:39     ; 1.7                     ; 1772 MB             ; 00:00:52                           ;
; Total                ; 00:15:18     ; --                      ; --                  ; 00:34:52                           ;
+----------------------+--------------+-------------------------+---------------------+------------------------------------+


+------------------------------------------------------------------------------------------------+
; Flow OS Summary                                                                                ;
+----------------------+---------------------------------+---------+------------+----------------+
; Module Name          ; Machine Hostname                ; OS Name ; OS Version ; Processor type ;
+----------------------+---------------------------------+---------+------------+----------------+
; Analysis & Synthesis ; linuxvdi-f25-18.ece.iastate.edu ; Red Hat ; Red Hat    ; x86_64         ;
; Fitter               ; linuxvdi-f25-18.ece.iastate.edu ; Red Hat ; Red Hat    ; x86_64         ;
; Assembler            ; linuxvdi-f25-18.ece.iastate.edu ; Red Hat ; Red Hat    ; x86_64         ;
; Timing Analyzer      ; linuxvdi-f25-18.ece.iastate.edu ; Red Hat ; Red Hat    ; x86_64         ;
+----------------------+---------------------------------+---------+------------+----------------+


------------
; Flow Log ;
------------
quartus_map --read_settings_files=on --write_settings_files=off toolflow -c toolflow
quartus_fit --read_settings_files=on --write_settings_files=off toolflow -c toolflow
quartus_asm --read_settings_files=on --write_settings_files=off toolflow -c toolflow
quartus_sta --sdc=toolflow.sdc toolflow --do_report_timing



